<?xml version="1.0" encoding="utf-8"?><testsuites name="pytest tests"><testsuite name="pytest" errors="1" failures="0" skipped="0" tests="1" time="4.186" timestamp="2025-08-14T18:06:27.524230+08:00" hostname="mayundebijibendiannao.local"><testcase classname="testcase.test_app_01_login.TestAppLogin" name="test_login_pass" time="4.108"><error message="failed on setup with &quot;AttributeError: 'str' object has no attribute 'iter_parents'&quot;">self = &lt;allure_pytest.listener.AllureListener object at 0x10688fcb0&gt;
item = &lt;Function test_login_pass&gt;

    @pytest.hookimpl(hookwrapper=True)
    def pytest_runtest_setup(self, item):
        if not self._cache.get(item.nodeid):
            uuid = self._cache.push(item.nodeid)
            test_result = TestResult(name=item.name, uuid=uuid, start=now(), stop=now())
            self.allure_logger.schedule_test(uuid, test_result)
        yield
&gt;       self._update_fixtures_children(item)

venv/lib/python3.13/site-packages/allure_pytest/listener.py:102: 
_ _ _ _ _ _ _ _ _ _ _ _ _ _ _ _ _ _ _ _ _ _ _ _ _ _ _ _ _ _ _ _ _ _ _ _ _ _ _ _ 
venv/lib/python3.13/site-packages/allure_pytest/listener.py:71: in _update_fixtures_children
    for fixturedef in _test_fixtures(item):
                      ^^^^^^^^^^^^^^^^^^^^
_ _ _ _ _ _ _ _ _ _ _ _ _ _ _ _ _ _ _ _ _ _ _ _ _ _ _ _ _ _ _ _ _ _ _ _ _ _ _ _ 

item = &lt;Function test_login_pass&gt;

    def _test_fixtures(item):
        fixturemanager = item.session._fixturemanager
        fixturedefs = []
    
        if hasattr(item, "_request") and hasattr(item._request, "fixturenames"):
            for name in item._request.fixturenames:
&gt;               fixturedefs_pytest = fixturemanager.getfixturedefs(name, item.nodeid)
                                     ^^^^^^^^^^^^^^^^^^^^^^^^^^^^^^^^^^^^^^^^^^^^^^^^
E               AttributeError: 'str' object has no attribute 'iter_parents'

venv/lib/python3.13/site-packages/allure_pytest/listener.py:345: AttributeError</error></testcase></testsuite></testsuites>